<?xml version="1.0" encoding="UTF-8"?>
<testsuites>
  <testsuite name="/app/phpunit-ci.xml" tests="67" assertions="2367" errors="0" failures="0" skipped="0" time="18.201305">
    <testsuite name="Unit" tests="33" assertions="198" errors="0" failures="0" skipped="0" time="1.163965">
      <testsuite name="Tests\Unit\Playground\Lead\Models\Campaign\ModelTest" file="/app/tests/Unit/Models/Campaign/ModelTest.php" tests="3" assertions="18" errors="0" failures="0" skipped="0" time="0.241293">
        <testcase name="test_model_instance" file="/app/vendor/gammamatrix/playground-test/src/Unit/Models/ModelCase.php" line="113" class="Tests\Unit\Playground\Lead\Models\Campaign\ModelTest" classname="Tests.Unit.Playground.Lead.Models.Campaign.ModelTest" assertions="1" time="0.138023"/>
        <testcase name="test_verify_model_relationships" file="/app/vendor/gammamatrix/playground-test/src/Unit/Models/ModelCase.php" line="294" class="Tests\Unit\Playground\Lead\Models\Campaign\ModelTest" classname="Tests.Unit.Playground.Lead.Models.Campaign.ModelTest" assertions="14" time="0.067532"/>
        <testcase name="test_model_factory_make" file="/app/vendor/gammamatrix/playground-test/src/Unit/Models/ModelCase.php" line="310" class="Tests\Unit\Playground\Lead\Models\Campaign\ModelTest" classname="Tests.Unit.Playground.Lead.Models.Campaign.ModelTest" assertions="3" time="0.035738"/>
      </testsuite>
      <testsuite name="Tests\Unit\Playground\Lead\Models\Goal\ModelTest" file="/app/tests/Unit/Models/Goal/ModelTest.php" tests="3" assertions="18" errors="0" failures="0" skipped="0" time="0.094735">
        <testcase name="test_model_instance" file="/app/vendor/gammamatrix/playground-test/src/Unit/Models/ModelCase.php" line="113" class="Tests\Unit\Playground\Lead\Models\Goal\ModelTest" classname="Tests.Unit.Playground.Lead.Models.Goal.ModelTest" assertions="1" time="0.024989"/>
        <testcase name="test_verify_model_relationships" file="/app/vendor/gammamatrix/playground-test/src/Unit/Models/ModelCase.php" line="294" class="Tests\Unit\Playground\Lead\Models\Goal\ModelTest" classname="Tests.Unit.Playground.Lead.Models.Goal.ModelTest" assertions="14" time="0.042168"/>
        <testcase name="test_model_factory_make" file="/app/vendor/gammamatrix/playground-test/src/Unit/Models/ModelCase.php" line="310" class="Tests\Unit\Playground\Lead\Models\Goal\ModelTest" classname="Tests.Unit.Playground.Lead.Models.Goal.ModelTest" assertions="3" time="0.027578"/>
      </testsuite>
      <testsuite name="Tests\Unit\Playground\Lead\Models\Lead\ModelTest" file="/app/tests/Unit/Models/Lead/ModelTest.php" tests="3" assertions="18" errors="0" failures="0" skipped="0" time="0.093113">
        <testcase name="test_model_instance" file="/app/vendor/gammamatrix/playground-test/src/Unit/Models/ModelCase.php" line="113" class="Tests\Unit\Playground\Lead\Models\Lead\ModelTest" classname="Tests.Unit.Playground.Lead.Models.Lead.ModelTest" assertions="1" time="0.024675"/>
        <testcase name="test_verify_model_relationships" file="/app/vendor/gammamatrix/playground-test/src/Unit/Models/ModelCase.php" line="294" class="Tests\Unit\Playground\Lead\Models\Lead\ModelTest" classname="Tests.Unit.Playground.Lead.Models.Lead.ModelTest" assertions="14" time="0.041755"/>
        <testcase name="test_model_factory_make" file="/app/vendor/gammamatrix/playground-test/src/Unit/Models/ModelCase.php" line="310" class="Tests\Unit\Playground\Lead\Models\Lead\ModelTest" classname="Tests.Unit.Playground.Lead.Models.Lead.ModelTest" assertions="3" time="0.026683"/>
      </testsuite>
      <testsuite name="Tests\Unit\Playground\Lead\Models\Opportunity\ModelTest" file="/app/tests/Unit/Models/Opportunity/ModelTest.php" tests="3" assertions="18" errors="0" failures="0" skipped="0" time="0.093039">
        <testcase name="test_model_instance" file="/app/vendor/gammamatrix/playground-test/src/Unit/Models/ModelCase.php" line="113" class="Tests\Unit\Playground\Lead\Models\Opportunity\ModelTest" classname="Tests.Unit.Playground.Lead.Models.Opportunity.ModelTest" assertions="1" time="0.025242"/>
        <testcase name="test_verify_model_relationships" file="/app/vendor/gammamatrix/playground-test/src/Unit/Models/ModelCase.php" line="294" class="Tests\Unit\Playground\Lead\Models\Opportunity\ModelTest" classname="Tests.Unit.Playground.Lead.Models.Opportunity.ModelTest" assertions="14" time="0.041391"/>
        <testcase name="test_model_factory_make" file="/app/vendor/gammamatrix/playground-test/src/Unit/Models/ModelCase.php" line="310" class="Tests\Unit\Playground\Lead\Models\Opportunity\ModelTest" classname="Tests.Unit.Playground.Lead.Models.Opportunity.ModelTest" assertions="3" time="0.026406"/>
      </testsuite>
      <testsuite name="Tests\Unit\Playground\Lead\Models\Plan\ModelTest" file="/app/tests/Unit/Models/Plan/ModelTest.php" tests="3" assertions="18" errors="0" failures="0" skipped="0" time="0.095144">
        <testcase name="test_model_instance" file="/app/vendor/gammamatrix/playground-test/src/Unit/Models/ModelCase.php" line="113" class="Tests\Unit\Playground\Lead\Models\Plan\ModelTest" classname="Tests.Unit.Playground.Lead.Models.Plan.ModelTest" assertions="1" time="0.025759"/>
        <testcase name="test_verify_model_relationships" file="/app/vendor/gammamatrix/playground-test/src/Unit/Models/ModelCase.php" line="294" class="Tests\Unit\Playground\Lead\Models\Plan\ModelTest" classname="Tests.Unit.Playground.Lead.Models.Plan.ModelTest" assertions="14" time="0.042247"/>
        <testcase name="test_model_factory_make" file="/app/vendor/gammamatrix/playground-test/src/Unit/Models/ModelCase.php" line="310" class="Tests\Unit\Playground\Lead\Models\Plan\ModelTest" classname="Tests.Unit.Playground.Lead.Models.Plan.ModelTest" assertions="3" time="0.027138"/>
      </testsuite>
      <testsuite name="Tests\Unit\Playground\Lead\Models\Region\ModelTest" file="/app/tests/Unit/Models/Region/ModelTest.php" tests="3" assertions="18" errors="0" failures="0" skipped="0" time="0.093161">
        <testcase name="test_model_instance" file="/app/vendor/gammamatrix/playground-test/src/Unit/Models/ModelCase.php" line="113" class="Tests\Unit\Playground\Lead\Models\Region\ModelTest" classname="Tests.Unit.Playground.Lead.Models.Region.ModelTest" assertions="1" time="0.024162"/>
        <testcase name="test_verify_model_relationships" file="/app/vendor/gammamatrix/playground-test/src/Unit/Models/ModelCase.php" line="294" class="Tests\Unit\Playground\Lead\Models\Region\ModelTest" classname="Tests.Unit.Playground.Lead.Models.Region.ModelTest" assertions="14" time="0.042969"/>
        <testcase name="test_model_factory_make" file="/app/vendor/gammamatrix/playground-test/src/Unit/Models/ModelCase.php" line="310" class="Tests\Unit\Playground\Lead\Models\Region\ModelTest" classname="Tests.Unit.Playground.Lead.Models.Region.ModelTest" assertions="3" time="0.026030"/>
      </testsuite>
      <testsuite name="Tests\Unit\Playground\Lead\Models\Report\ModelTest" file="/app/tests/Unit/Models/Report/ModelTest.php" tests="3" assertions="18" errors="0" failures="0" skipped="0" time="0.090682">
        <testcase name="test_model_instance" file="/app/vendor/gammamatrix/playground-test/src/Unit/Models/ModelCase.php" line="113" class="Tests\Unit\Playground\Lead\Models\Report\ModelTest" classname="Tests.Unit.Playground.Lead.Models.Report.ModelTest" assertions="1" time="0.023972"/>
        <testcase name="test_verify_model_relationships" file="/app/vendor/gammamatrix/playground-test/src/Unit/Models/ModelCase.php" line="294" class="Tests\Unit\Playground\Lead\Models\Report\ModelTest" classname="Tests.Unit.Playground.Lead.Models.Report.ModelTest" assertions="14" time="0.040833"/>
        <testcase name="test_model_factory_make" file="/app/vendor/gammamatrix/playground-test/src/Unit/Models/ModelCase.php" line="310" class="Tests\Unit\Playground\Lead\Models\Report\ModelTest" classname="Tests.Unit.Playground.Lead.Models.Report.ModelTest" assertions="3" time="0.025877"/>
      </testsuite>
      <testsuite name="Tests\Unit\Playground\Lead\Models\Source\ModelTest" file="/app/tests/Unit/Models/Source/ModelTest.php" tests="3" assertions="18" errors="0" failures="0" skipped="0" time="0.090420">
        <testcase name="test_model_instance" file="/app/vendor/gammamatrix/playground-test/src/Unit/Models/ModelCase.php" line="113" class="Tests\Unit\Playground\Lead\Models\Source\ModelTest" classname="Tests.Unit.Playground.Lead.Models.Source.ModelTest" assertions="1" time="0.023680"/>
        <testcase name="test_verify_model_relationships" file="/app/vendor/gammamatrix/playground-test/src/Unit/Models/ModelCase.php" line="294" class="Tests\Unit\Playground\Lead\Models\Source\ModelTest" classname="Tests.Unit.Playground.Lead.Models.Source.ModelTest" assertions="14" time="0.040794"/>
        <testcase name="test_model_factory_make" file="/app/vendor/gammamatrix/playground-test/src/Unit/Models/ModelCase.php" line="310" class="Tests\Unit\Playground\Lead\Models\Source\ModelTest" classname="Tests.Unit.Playground.Lead.Models.Source.ModelTest" assertions="3" time="0.025946"/>
      </testsuite>
      <testsuite name="Tests\Unit\Playground\Lead\Models\Task\ModelTest" file="/app/tests/Unit/Models/Task/ModelTest.php" tests="3" assertions="18" errors="0" failures="0" skipped="0" time="0.090409">
        <testcase name="test_model_instance" file="/app/vendor/gammamatrix/playground-test/src/Unit/Models/ModelCase.php" line="113" class="Tests\Unit\Playground\Lead\Models\Task\ModelTest" classname="Tests.Unit.Playground.Lead.Models.Task.ModelTest" assertions="1" time="0.023743"/>
        <testcase name="test_verify_model_relationships" file="/app/vendor/gammamatrix/playground-test/src/Unit/Models/ModelCase.php" line="294" class="Tests\Unit\Playground\Lead\Models\Task\ModelTest" classname="Tests.Unit.Playground.Lead.Models.Task.ModelTest" assertions="14" time="0.040846"/>
        <testcase name="test_model_factory_make" file="/app/vendor/gammamatrix/playground-test/src/Unit/Models/ModelCase.php" line="310" class="Tests\Unit\Playground\Lead\Models\Task\ModelTest" classname="Tests.Unit.Playground.Lead.Models.Task.ModelTest" assertions="3" time="0.025820"/>
      </testsuite>
      <testsuite name="Tests\Unit\Playground\Lead\Models\Team\ModelTest" file="/app/tests/Unit/Models/Team/ModelTest.php" tests="3" assertions="18" errors="0" failures="0" skipped="0" time="0.090291">
        <testcase name="test_model_instance" file="/app/vendor/gammamatrix/playground-test/src/Unit/Models/ModelCase.php" line="113" class="Tests\Unit\Playground\Lead\Models\Team\ModelTest" classname="Tests.Unit.Playground.Lead.Models.Team.ModelTest" assertions="1" time="0.023535"/>
        <testcase name="test_verify_model_relationships" file="/app/vendor/gammamatrix/playground-test/src/Unit/Models/ModelCase.php" line="294" class="Tests\Unit\Playground\Lead\Models\Team\ModelTest" classname="Tests.Unit.Playground.Lead.Models.Team.ModelTest" assertions="14" time="0.040961"/>
        <testcase name="test_model_factory_make" file="/app/vendor/gammamatrix/playground-test/src/Unit/Models/ModelCase.php" line="310" class="Tests\Unit\Playground\Lead\Models\Team\ModelTest" classname="Tests.Unit.Playground.Lead.Models.Team.ModelTest" assertions="3" time="0.025796"/>
      </testsuite>
      <testsuite name="Tests\Unit\Playground\Lead\Models\Teammate\ModelTest" file="/app/tests/Unit/Models/Teammate/ModelTest.php" tests="3" assertions="18" errors="0" failures="0" skipped="0" time="0.091678">
        <testcase name="test_model_instance" file="/app/vendor/gammamatrix/playground-test/src/Unit/Models/ModelCase.php" line="113" class="Tests\Unit\Playground\Lead\Models\Teammate\ModelTest" classname="Tests.Unit.Playground.Lead.Models.Teammate.ModelTest" assertions="1" time="0.023622"/>
        <testcase name="test_verify_model_relationships" file="/app/vendor/gammamatrix/playground-test/src/Unit/Models/ModelCase.php" line="294" class="Tests\Unit\Playground\Lead\Models\Teammate\ModelTest" classname="Tests.Unit.Playground.Lead.Models.Teammate.ModelTest" assertions="14" time="0.041085"/>
        <testcase name="test_model_factory_make" file="/app/vendor/gammamatrix/playground-test/src/Unit/Models/ModelCase.php" line="310" class="Tests\Unit\Playground\Lead\Models\Teammate\ModelTest" classname="Tests.Unit.Playground.Lead.Models.Teammate.ModelTest" assertions="3" time="0.026971"/>
      </testsuite>
    </testsuite>
    <testsuite name="Feature" tests="34" assertions="2169" errors="0" failures="0" skipped="0" time="17.037339">
      <testsuite name="Tests\Feature\Playground\Lead\Console\Commands\About\CommandTest" file="/app/tests/Feature/Console/Commands/About/CommandTest.php" tests="1" assertions="2" errors="0" failures="0" skipped="0" time="0.510753">
        <testcase name="test_command_about_displays_package_information_and_succeed" file="/app/tests/Feature/Console/Commands/About/CommandTest.php" line="35" class="Tests\Feature\Playground\Lead\Console\Commands\About\CommandTest" classname="Tests.Feature.Playground.Lead.Console.Commands.About.CommandTest" assertions="2" time="0.510753"/>
      </testsuite>
      <testsuite name="Tests\Feature\Playground\Lead\Models\Campaign\ModelTest" file="/app/tests/Feature/Models/Campaign/ModelTest.php" tests="3" assertions="197" errors="0" failures="0" skipped="0" time="1.520479">
        <testcase name="test_model_instance" file="/app/vendor/gammamatrix/playground-test/src/Feature/Models/ModelCase.php" line="123" class="Tests\Feature\Playground\Lead\Models\Campaign\ModelTest" classname="Tests.Feature.Playground.Lead.Models.Campaign.ModelTest" assertions="1" time="0.360590"/>
        <testcase name="test_verify_model_relationships" file="/app/vendor/gammamatrix/playground-test/src/Feature/Models/ModelCase.php" line="202" class="Tests\Feature\Playground\Lead\Models\Campaign\ModelTest" classname="Tests.Feature.Playground.Lead.Models.Campaign.ModelTest" assertions="192" time="0.784419"/>
        <testcase name="test_factory_create" file="/app/vendor/gammamatrix/playground-test/src/Feature/Models/ModelCase.php" line="223" class="Tests\Feature\Playground\Lead\Models\Campaign\ModelTest" classname="Tests.Feature.Playground.Lead.Models.Campaign.ModelTest" assertions="4" time="0.375470"/>
      </testsuite>
      <testsuite name="Tests\Feature\Playground\Lead\Models\Goal\ModelTest" file="/app/tests/Feature/Models/Goal/ModelTest.php" tests="3" assertions="197" errors="0" failures="0" skipped="0" time="1.512364">
        <testcase name="test_model_instance" file="/app/vendor/gammamatrix/playground-test/src/Feature/Models/ModelCase.php" line="123" class="Tests\Feature\Playground\Lead\Models\Goal\ModelTest" classname="Tests.Feature.Playground.Lead.Models.Goal.ModelTest" assertions="1" time="0.376566"/>
        <testcase name="test_verify_model_relationships" file="/app/vendor/gammamatrix/playground-test/src/Feature/Models/ModelCase.php" line="202" class="Tests\Feature\Playground\Lead\Models\Goal\ModelTest" classname="Tests.Feature.Playground.Lead.Models.Goal.ModelTest" assertions="192" time="0.768447"/>
        <testcase name="test_factory_create" file="/app/vendor/gammamatrix/playground-test/src/Feature/Models/ModelCase.php" line="223" class="Tests\Feature\Playground\Lead\Models\Goal\ModelTest" classname="Tests.Feature.Playground.Lead.Models.Goal.ModelTest" assertions="4" time="0.367351"/>
      </testsuite>
      <testsuite name="Tests\Feature\Playground\Lead\Models\Lead\ModelTest" file="/app/tests/Feature/Models/Lead/ModelTest.php" tests="3" assertions="197" errors="0" failures="0" skipped="0" time="1.490887">
        <testcase name="test_model_instance" file="/app/vendor/gammamatrix/playground-test/src/Feature/Models/ModelCase.php" line="123" class="Tests\Feature\Playground\Lead\Models\Lead\ModelTest" classname="Tests.Feature.Playground.Lead.Models.Lead.ModelTest" assertions="1" time="0.356104"/>
        <testcase name="test_verify_model_relationships" file="/app/vendor/gammamatrix/playground-test/src/Feature/Models/ModelCase.php" line="202" class="Tests\Feature\Playground\Lead\Models\Lead\ModelTest" classname="Tests.Feature.Playground.Lead.Models.Lead.ModelTest" assertions="192" time="0.767770"/>
        <testcase name="test_factory_create" file="/app/vendor/gammamatrix/playground-test/src/Feature/Models/ModelCase.php" line="223" class="Tests\Feature\Playground\Lead\Models\Lead\ModelTest" classname="Tests.Feature.Playground.Lead.Models.Lead.ModelTest" assertions="4" time="0.367013"/>
      </testsuite>
      <testsuite name="Tests\Feature\Playground\Lead\Models\Opportunity\ModelTest" file="/app/tests/Feature/Models/Opportunity/ModelTest.php" tests="3" assertions="197" errors="0" failures="0" skipped="0" time="1.500680">
        <testcase name="test_model_instance" file="/app/vendor/gammamatrix/playground-test/src/Feature/Models/ModelCase.php" line="123" class="Tests\Feature\Playground\Lead\Models\Opportunity\ModelTest" classname="Tests.Feature.Playground.Lead.Models.Opportunity.ModelTest" assertions="1" time="0.359253"/>
        <testcase name="test_verify_model_relationships" file="/app/vendor/gammamatrix/playground-test/src/Feature/Models/ModelCase.php" line="202" class="Tests\Feature\Playground\Lead\Models\Opportunity\ModelTest" classname="Tests.Feature.Playground.Lead.Models.Opportunity.ModelTest" assertions="192" time="0.775590"/>
        <testcase name="test_factory_create" file="/app/vendor/gammamatrix/playground-test/src/Feature/Models/ModelCase.php" line="223" class="Tests\Feature\Playground\Lead\Models\Opportunity\ModelTest" classname="Tests.Feature.Playground.Lead.Models.Opportunity.ModelTest" assertions="4" time="0.365837"/>
      </testsuite>
      <testsuite name="Tests\Feature\Playground\Lead\Models\Plan\ModelTest" file="/app/tests/Feature/Models/Plan/ModelTest.php" tests="3" assertions="197" errors="0" failures="0" skipped="0" time="1.493772">
        <testcase name="test_model_instance" file="/app/vendor/gammamatrix/playground-test/src/Feature/Models/ModelCase.php" line="123" class="Tests\Feature\Playground\Lead\Models\Plan\ModelTest" classname="Tests.Feature.Playground.Lead.Models.Plan.ModelTest" assertions="1" time="0.355940"/>
        <testcase name="test_verify_model_relationships" file="/app/vendor/gammamatrix/playground-test/src/Feature/Models/ModelCase.php" line="202" class="Tests\Feature\Playground\Lead\Models\Plan\ModelTest" classname="Tests.Feature.Playground.Lead.Models.Plan.ModelTest" assertions="192" time="0.770068"/>
        <testcase name="test_factory_create" file="/app/vendor/gammamatrix/playground-test/src/Feature/Models/ModelCase.php" line="223" class="Tests\Feature\Playground\Lead\Models\Plan\ModelTest" classname="Tests.Feature.Playground.Lead.Models.Plan.ModelTest" assertions="4" time="0.367763"/>
      </testsuite>
      <testsuite name="Tests\Feature\Playground\Lead\Models\Region\ModelTest" file="/app/tests/Feature/Models/Region/ModelTest.php" tests="3" assertions="197" errors="0" failures="0" skipped="0" time="1.490585">
        <testcase name="test_model_instance" file="/app/vendor/gammamatrix/playground-test/src/Feature/Models/ModelCase.php" line="123" class="Tests\Feature\Playground\Lead\Models\Region\ModelTest" classname="Tests.Feature.Playground.Lead.Models.Region.ModelTest" assertions="1" time="0.355669"/>
        <testcase name="test_verify_model_relationships" file="/app/vendor/gammamatrix/playground-test/src/Feature/Models/ModelCase.php" line="202" class="Tests\Feature\Playground\Lead\Models\Region\ModelTest" classname="Tests.Feature.Playground.Lead.Models.Region.ModelTest" assertions="192" time="0.767769"/>
        <testcase name="test_factory_create" file="/app/vendor/gammamatrix/playground-test/src/Feature/Models/ModelCase.php" line="223" class="Tests\Feature\Playground\Lead\Models\Region\ModelTest" classname="Tests.Feature.Playground.Lead.Models.Region.ModelTest" assertions="4" time="0.367146"/>
      </testsuite>
      <testsuite name="Tests\Feature\Playground\Lead\Models\Report\ModelTest" file="/app/tests/Feature/Models/Report/ModelTest.php" tests="3" assertions="197" errors="0" failures="0" skipped="0" time="1.489857">
        <testcase name="test_model_instance" file="/app/vendor/gammamatrix/playground-test/src/Feature/Models/ModelCase.php" line="123" class="Tests\Feature\Playground\Lead\Models\Report\ModelTest" classname="Tests.Feature.Playground.Lead.Models.Report.ModelTest" assertions="1" time="0.351565"/>
        <testcase name="test_verify_model_relationships" file="/app/vendor/gammamatrix/playground-test/src/Feature/Models/ModelCase.php" line="202" class="Tests\Feature\Playground\Lead\Models\Report\ModelTest" classname="Tests.Feature.Playground.Lead.Models.Report.ModelTest" assertions="192" time="0.769420"/>
        <testcase name="test_factory_create" file="/app/vendor/gammamatrix/playground-test/src/Feature/Models/ModelCase.php" line="223" class="Tests\Feature\Playground\Lead\Models\Report\ModelTest" classname="Tests.Feature.Playground.Lead.Models.Report.ModelTest" assertions="4" time="0.368872"/>
      </testsuite>
      <testsuite name="Tests\Feature\Playground\Lead\Models\Source\ModelTest" file="/app/tests/Feature/Models/Source/ModelTest.php" tests="3" assertions="197" errors="0" failures="0" skipped="0" time="1.496744">
        <testcase name="test_model_instance" file="/app/vendor/gammamatrix/playground-test/src/Feature/Models/ModelCase.php" line="123" class="Tests\Feature\Playground\Lead\Models\Source\ModelTest" classname="Tests.Feature.Playground.Lead.Models.Source.ModelTest" assertions="1" time="0.355592"/>
        <testcase name="test_verify_model_relationships" file="/app/vendor/gammamatrix/playground-test/src/Feature/Models/ModelCase.php" line="202" class="Tests\Feature\Playground\Lead\Models\Source\ModelTest" classname="Tests.Feature.Playground.Lead.Models.Source.ModelTest" assertions="192" time="0.771757"/>
        <testcase name="test_factory_create" file="/app/vendor/gammamatrix/playground-test/src/Feature/Models/ModelCase.php" line="223" class="Tests\Feature\Playground\Lead\Models\Source\ModelTest" classname="Tests.Feature.Playground.Lead.Models.Source.ModelTest" assertions="4" time="0.369395"/>
      </testsuite>
      <testsuite name="Tests\Feature\Playground\Lead\Models\Task\ModelTest" file="/app/tests/Feature/Models/Task/ModelTest.php" tests="3" assertions="197" errors="0" failures="0" skipped="0" time="1.545415">
        <testcase name="test_model_instance" file="/app/vendor/gammamatrix/playground-test/src/Feature/Models/ModelCase.php" line="123" class="Tests\Feature\Playground\Lead\Models\Task\ModelTest" classname="Tests.Feature.Playground.Lead.Models.Task.ModelTest" assertions="1" time="0.354252"/>
        <testcase name="test_verify_model_relationships" file="/app/vendor/gammamatrix/playground-test/src/Feature/Models/ModelCase.php" line="202" class="Tests\Feature\Playground\Lead\Models\Task\ModelTest" classname="Tests.Feature.Playground.Lead.Models.Task.ModelTest" assertions="192" time="0.825037"/>
        <testcase name="test_factory_create" file="/app/vendor/gammamatrix/playground-test/src/Feature/Models/ModelCase.php" line="223" class="Tests\Feature\Playground\Lead\Models\Task\ModelTest" classname="Tests.Feature.Playground.Lead.Models.Task.ModelTest" assertions="4" time="0.366125"/>
      </testsuite>
      <testsuite name="Tests\Feature\Playground\Lead\Models\Team\ModelTest" file="/app/tests/Feature/Models/Team/ModelTest.php" tests="3" assertions="197" errors="0" failures="0" skipped="0" time="1.493482">
        <testcase name="test_model_instance" file="/app/vendor/gammamatrix/playground-test/src/Feature/Models/ModelCase.php" line="123" class="Tests\Feature\Playground\Lead\Models\Team\ModelTest" classname="Tests.Feature.Playground.Lead.Models.Team.ModelTest" assertions="1" time="0.353581"/>
        <testcase name="test_verify_model_relationships" file="/app/vendor/gammamatrix/playground-test/src/Feature/Models/ModelCase.php" line="202" class="Tests\Feature\Playground\Lead\Models\Team\ModelTest" classname="Tests.Feature.Playground.Lead.Models.Team.ModelTest" assertions="192" time="0.771091"/>
        <testcase name="test_factory_create" file="/app/vendor/gammamatrix/playground-test/src/Feature/Models/ModelCase.php" line="223" class="Tests\Feature\Playground\Lead\Models\Team\ModelTest" classname="Tests.Feature.Playground.Lead.Models.Team.ModelTest" assertions="4" time="0.368810"/>
      </testsuite>
      <testsuite name="Tests\Feature\Playground\Lead\Models\Teammate\ModelTest" file="/app/tests/Feature/Models/Teammate/ModelTest.php" tests="3" assertions="197" errors="0" failures="0" skipped="0" time="1.492321">
        <testcase name="test_model_instance" file="/app/vendor/gammamatrix/playground-test/src/Feature/Models/ModelCase.php" line="123" class="Tests\Feature\Playground\Lead\Models\Teammate\ModelTest" classname="Tests.Feature.Playground.Lead.Models.Teammate.ModelTest" assertions="1" time="0.357544"/>
        <testcase name="test_verify_model_relationships" file="/app/vendor/gammamatrix/playground-test/src/Feature/Models/ModelCase.php" line="202" class="Tests\Feature\Playground\Lead\Models\Teammate\ModelTest" classname="Tests.Feature.Playground.Lead.Models.Teammate.ModelTest" assertions="192" time="0.767744"/>
        <testcase name="test_factory_create" file="/app/vendor/gammamatrix/playground-test/src/Feature/Models/ModelCase.php" line="223" class="Tests\Feature\Playground\Lead\Models\Teammate\ModelTest" classname="Tests.Feature.Playground.Lead.Models.Teammate.ModelTest" assertions="4" time="0.367033"/>
      </testsuite>
    </testsuite>
  </testsuite>
</testsuites>
